To honour the JVM settings for this build a single-use Daemon process will be forked. For more on this, please refer to https://docs.gradle.org/8.14.3/userguide/gradle_daemon.html#sec:disabling_the_daemon in the Gradle documentation.
Daemon will be stopped at the end of the build 
> Task :buildSrc:extractPluginRequests UP-TO-DATE
> Task :buildSrc:generatePluginAdapters UP-TO-DATE
> Task :buildSrc:compileJava UP-TO-DATE
> Task :buildSrc:compileGroovy NO-SOURCE
> Task :buildSrc:compileGroovyPlugins UP-TO-DATE
> Task :buildSrc:pluginDescriptors UP-TO-DATE
> Task :buildSrc:processResources UP-TO-DATE
> Task :buildSrc:classes UP-TO-DATE
> Task :buildSrc:jar UP-TO-DATE

> Configure project :fabric
Fabric Loom: 1.13.6
The mixin annotation is no longer enabled by default, you should remove any loom.mixin configuration. If you wish to continue to use the mixin AP you can set useLegacyMixinAp = true.

> Task :common:createMinecraftArtifacts UP-TO-DATE
> Task :common:compileJava UP-TO-DATE
> Task :neoforge:createMinecraftArtifacts UP-TO-DATE
> Task :neoforge:compileJava UP-TO-DATE
> Task :neoforge:processResources UP-TO-DATE
> Task :neoforge:classes UP-TO-DATE
> Task :neoforge:jarJar NO-SOURCE
> Task :neoforge:jar UP-TO-DATE
> Task :neoforge:javadoc UP-TO-DATE
> Task :neoforge:javadocJar UP-TO-DATE
> Task :neoforge:sourcesJar UP-TO-DATE
> Task :neoforge:assemble UP-TO-DATE
> Task :neoforge:check
> Task :neoforge:build

[Incubating] Problems report is available at: file:///D:/%E6%B5%8F%E8%A7%88%E5%99%A8/Mymods/Only%20TP%20Re/Only%20TP/1.21.8/build/reports/problems/problems-report.html

Deprecated Gradle features were used in this build, making it incompatible with Gradle 9.0.

You can use '--warning-mode all' to show the individual deprecation warnings and determine if they come from your own scripts or plugins.

For more on this, please refer to https://docs.gradle.org/8.14.3/userguide/command_line_interface.html#sec:command_line_warnings in the Gradle documentation.

BUILD SUCCESSFUL in 42s
16 actionable tasks: 16 up-to-date
