To honour the JVM settings for this build a single-use Daemon process will be forked. For more on this, please refer to https://docs.gradle.org/8.11/userguide/gradle_daemon.html#sec:disabling_the_daemon in the Gradle documentation.
Daemon will be stopped at the end of the build 
> Task :buildSrc:extractPluginRequests UP-TO-DATE
> Task :buildSrc:generatePluginAdapters UP-TO-DATE
> Task :buildSrc:compileJava UP-TO-DATE
> Task :buildSrc:compileGroovy NO-SOURCE
> Task :buildSrc:compileGroovyPlugins UP-TO-DATE
> Task :buildSrc:pluginDescriptors UP-TO-DATE
> Task :buildSrc:processResources UP-TO-DATE
> Task :buildSrc:classes UP-TO-DATE
> Task :buildSrc:jar UP-TO-DATE

> Configure project :common
Fabric Loom: 1.9.2

> Configure project :fabric
Fabric Loom: 1.9.2

> Task :common:compileJava UP-TO-DATE
> Task :fabric:compileJava UP-TO-DATE
> Task :fabric:processResources UP-TO-DATE
> Task :fabric:classes UP-TO-DATE
> Task :fabric:jar UP-TO-DATE
> Task :fabric:javadoc UP-TO-DATE
> Task :fabric:javadocJar UP-TO-DATE
> Task :fabric:compileTestJava NO-SOURCE
> Task :fabric:processIncludeJars UP-TO-DATE
> Task :fabric:remapJar UP-TO-DATE
> Task :fabric:sourcesJar UP-TO-DATE
> Task :fabric:remapSourcesJar UP-TO-DATE
> Task :fabric:assemble UP-TO-DATE
> Task :fabric:processTestResources NO-SOURCE
> Task :fabric:testClasses UP-TO-DATE
> Task :fabric:test NO-SOURCE
> Task :fabric:validateAccessWidener NO-SOURCE
> Task :fabric:check UP-TO-DATE
> Task :fabric:build UP-TO-DATE

BUILD SUCCESSFUL in 40s
17 actionable tasks: 17 up-to-date
